********************************************************************************
Obsolete PIO Core v6.1.15 is used (previous was 6.1.19)
Please remove multiple PIO Cores from a system:
https://docs.platformio.org/en/latest/core/installation/troubleshooting.html
********************************************************************************
Processing lilygo-t-display-s3 (board: lilygo-t-display-s3; platform: espressif32@6.10.0; framework: arduino)
--------------------------------------------------------------------------------
Verbose mode can be enabled via `-v, --verbose` option
CONFIGURATION: https://docs.platformio.org/page/boards/espressif32/lilygo-t-display-s3.html
PLATFORM: Espressif 32 (6.10.0) > LilyGo T-Display-S3
HARDWARE: ESP32S3 240MHz, 320KB RAM, 16MB Flash
DEBUG: Current (cmsis-dap) External (cmsis-dap, esp-bridge, esp-builtin, esp-prog, iot-bus-jtag, jlink, minimodule, olimex-arm-usb-ocd, olimex-arm-usb-ocd-h, olimex-arm-usb-tiny-h, olimex-jtag-tiny, tumpa)
PACKAGES: 
 - framework-arduinoespressif32 @ 3.20017.241212+sha.dcc1105b 
 - tool-esptoolpy @ 1.40501.0 (4.5.1) 
 - tool-mkfatfs @ 2.0.1 
 - tool-mklittlefs @ 1.203.210628 (2.3) 
 - tool-mkspiffs @ 2.230.0 (2.30) 
 - toolchain-riscv32-esp @ 8.4.0+2021r2-patch5 
 - toolchain-xtensa-esp32s3 @ 8.4.0+2021r2-patch5
Converting Ignitron.ino
LDF: Library Dependency Finder -> https://bit.ly/configure-pio-ldf
LDF Modes: Finder ~ chain, Compatibility ~ soft
Found 51 compatible libraries
Scanning dependencies...
Dependency Graph
|-- ArduinoJson @ 7.3.0
|-- NimBLE-Arduino @ 1.4.3
|-- ButtonFever @ 1.0.0
|-- FastLED @ 3.6.0
|-- TFT_eSPI @ 2.5.43
|-- src
|-- SPI @ 2.0.0
|-- Wire @ 2.0.0
|-- ESP32 BLE Arduino @ 2.0.0
|-- BluetoothSerial @ 2.0.0
|-- FS @ 2.0.0
|-- LittleFS @ 2.0.0
|-- SPIFFS @ 2.0.0
Building in release mode
Compiling .pio\build\lilygo-t-display-s3\src\Ignitron.ino.cpp.o
python : In file included from 
.pio/libdeps/lilygo-t-display-s3/TFT_eSPI/TFT_eSPI.h:97,
In Zeile:1 Zeichen:1
+ python -m platformio run -e lilygo-t-display-s3 -t upload 2>&1 | Tee- ...
+ ~~~~~~~~~~~~~~~~~~~~~~~~~~~~~~~~~~~~~~~~~~~~~~~~~~~~~~~~~~~~~~
    + CategoryInfo          : NotSpecified: (In file include.../TFT_eSPI.h:97, 
   :String) [], RemoteException
    + FullyQualifiedErrorId : NativeCommandError
 
                 from src/SparkDisplayControl.h:15,
                 from src/SparkDataControl.h:25,
                 from src/SparkButtonHandler.h:12,
                 from E:/Coding/Ignitron/Ignitron.ino:9:
.pio/libdeps/lilygo-t-display-s3/TFT_eSPI/Processors/TFT_eSPI_ESP32_S3.h:111:3:
 warning: #warning >>>>------>> DMA is not supported in parallel mode [-Wcpp]
  #warning >>>>------>> DMA is not supported in parallel mode
   ^~~~~~~
In file included from src/SparkDisplayControl.h:15,
                 from src/SparkDataControl.h:25,
                 from src/SparkButtonHandler.h:12,
                 from E:/Coding/Ignitron/Ignitron.ino:9:
.pio/libdeps/lilygo-t-display-s3/TFT_eSPI/TFT_eSPI.h:973:8: warning: #warning 
>>>>------>> TOUCH_CS pin not defined, TFT_eSPI touch functions will not be 
available! [-Wcpp]
       #warning >>>>------>> TOUCH_CS pin not defined, TFT_eSPI touch 
functions will not be available!
        ^~~~~~~
In file included from 
.pio/libdeps/lilygo-t-display-s3/FastLED/src/FastLED.h:75,
                 from src/SparkLEDControl.h:17,
                 from E:/Coding/Ignitron/Ignitron.ino:12:
.pio/libdeps/lilygo-t-display-s3/FastLED/src/fastspi.h:157:23: note: #pragma 
message: No hardware SPI pins defined.  All SPI access will default to 
bitbanged output
 #      pragma message "No hardware SPI pins defined.  All SPI access will 
default to bitbanged output"
                       ^~~~~~~~~~~~~~~~~~~~~~~~~~~~~~~~~~~~~~~~~~~~~~~~~~~~~~~~
~~~~~~~~~~~~~~~~~~~~~~~~
Linking .pio\build\lilygo-t-display-s3\firmware.elf
c:/users/danie/.platformio/packages/toolchain-xtensa-esp32s3/bin/../lib/gcc/xte
nsa-esp32s3-elf/8.4.0/../../../../xtensa-esp32s3-elf/bin/ld.exe: 
.pio/build/lilygo-t-display-s3/src/bridge/main.cpp.o: in function `setup()':
E:\Coding\Ignitron/bridge/main.cpp:225: multiple definition of `setup()'; .pio/
build/lilygo-t-display-s3/src/Ignitron.ino.cpp.o:E:/Coding/Ignitron/Ignitron.in
o:41: first defined here
c:/users/danie/.platformio/packages/toolchain-xtensa-esp32s3/bin/../lib/gcc/xte
nsa-esp32s3-elf/8.4.0/../../../../xtensa-esp32s3-elf/bin/ld.exe: 
.pio/build/lilygo-t-display-s3/src/bridge/main.cpp.o: in function `loop()':
E:\Coding\Ignitron/bridge/main.cpp:257: multiple definition of `loop()'; .pio/b
uild/lilygo-t-display-s3/src/Ignitron.ino.cpp.o:E:/Coding/Ignitron/Ignitron.ino
:99: first defined here
c:/users/danie/.platformio/packages/toolchain-xtensa-esp32s3/bin/../lib/gcc/xte
nsa-esp32s3-elf/8.4.0/../../../../xtensa-esp32s3-elf/bin/ld.exe: .pio/build/lil
ygo-t-display-s3/lib8b2/libBluetoothSerial.a(BluetoothSerial.cpp.o):(.literal._
ZL8_stop_btv+0x18): undefined reference to `esp_spp_disconnect'
c:/users/danie/.platformio/packages/toolchain-xtensa-esp32s3/bin/../lib/gcc/xte
nsa-esp32s3-elf/8.4.0/../../../../xtensa-esp32s3-elf/bin/ld.exe: .pio/build/lil
ygo-t-display-s3/lib8b2/libBluetoothSerial.a(BluetoothSerial.cpp.o):(.literal._
ZL8_stop_btv+0x1c): undefined reference to `esp_spp_deinit'
c:/users/danie/.platformio/packages/toolchain-xtensa-esp32s3/bin/../lib/gcc/xte
nsa-esp32s3-elf/8.4.0/../../../../xtensa-esp32s3-elf/bin/ld.exe: .pio/build/lil
ygo-t-display-s3/lib8b2/libBluetoothSerial.a(BluetoothSerial.cpp.o): in 
function `_stop_bt()':
C:/Users/danie/.platformio/packages/framework-arduinoespressif32/libraries/Blue
toothSerial/src/BluetoothSerial.cpp:714: undefined reference to 
`esp_spp_disconnect'
c:/users/danie/.platformio/packages/toolchain-xtensa-esp32s3/bin/../lib/gcc/xte
nsa-esp32s3-elf/8.4.0/../../../../xtensa-esp32s3-elf/bin/ld.exe: C:/Users/danie
/.platformio/packages/framework-arduinoespressif32/libraries/BluetoothSerial/sr
c/BluetoothSerial.cpp:715: undefined reference to `esp_spp_deinit'
collect2.exe: error: ld returned 1 exit status
*** [.pio\build\lilygo-t-display-s3\firmware.elf] Error 1
========================= [FAILED] Took 12.93 seconds =========================

Environment          Status    Duration
-------------------  --------  ------------
lilygo-t-display-s3  FAILED    00:00:12.932
==================== 1 failed, 0 succeeded in 00:00:12.932 ====================
